============================= test session starts =============================
platform win32 -- Python 3.13.12, pytest-9.0.2, pluggy-1.6.0
rootdir: C:\Users\revaa\neha-reva-places-attribute-conflation
configfile: pyproject.toml
plugins: anyio-4.12.0, langsmith-0.6.0
collected 4 items / 1 error

=================================== ERRORS ====================================
_____________ ERROR collecting scripts/_archive/_strategy_test.py _____________
..\AppData\Local\Packages\PythonSoftwareFoundation.Python.3.13_qbz5n2kfra8p0\LocalCache\local-packages\Python313\site-packages\pandas\core\indexes\base.py:3641: in get_loc
    return self._engine.get_loc(casted_key)
           ^^^^^^^^^^^^^^^^^^^^^^^^^^^^^^^^
pandas/_libs/index.pyx:168: in pandas._libs.index.IndexEngine.get_loc
    ???
pandas/_libs/index.pyx:197: in pandas._libs.index.IndexEngine.get_loc
    ???
pandas/_libs/hashtable_class_helper.pxi:7668: in pandas._libs.hashtable.PyObjectHashTable.get_item
    ???
pandas/_libs/hashtable_class_helper.pxi:7676: in pandas._libs.hashtable.PyObjectHashTable.get_item
    ???
E   KeyError: 'xgboost_testlabels'

The above exception was the direct cause of the following exception:
scripts\_archive\_strategy_test.py:92: in <module>
    label_map = dict(zip(golden['id'], golden['xgboost_testlabels']))
                                       ^^^^^^^^^^^^^^^^^^^^^^^^^^^^
..\AppData\Local\Packages\PythonSoftwareFoundation.Python.3.13_qbz5n2kfra8p0\LocalCache\local-packages\Python313\site-packages\pandas\core\frame.py:4378: in __getitem__
    indexer = self.columns.get_loc(key)
              ^^^^^^^^^^^^^^^^^^^^^^^^^
..\AppData\Local\Packages\PythonSoftwareFoundation.Python.3.13_qbz5n2kfra8p0\LocalCache\local-packages\Python313\site-packages\pandas\core\indexes\base.py:3648: in get_loc
    raise KeyError(key) from err
E   KeyError: 'xgboost_testlabels'
------------------------------- Captured stdout -------------------------------
Engineering features...
=========================== short test summary info ===========================
ERROR scripts/_archive/_strategy_test.py - KeyError: 'xgboost_testlabels'
!!!!!!!!!!!!!!!!!!! Interrupted: 1 error during collection !!!!!!!!!!!!!!!!!!!!
============================== 1 error in 2.26s ===============================
